
> pastelservice---cute-booking-app@0.0.0 build
> vite build

[36mvite v6.4.1 [32mbuilding for production...[36m[39m
transforming...
node.exe : 
At C:\Users\user\AppData\Roaming\npm\npm.ps1:24 char:5
+     & "node$exe"  "$basedir/node_modules/npm/bin/npm-cli.js" $args
+     ~~~~~~~~~~~~~~~~~~~~~~~~~~~~~~~~~~~~~~~~~~~~~~~~~~~~~~~~~~~~~~
    + CategoryInfo          : NotSpecified: (:String) [], RemoteException
    + FullyQualifiedErrorId : NativeCommandError
 
[1m[33mwarn[39m[22m - Your `content` configuration includes a pattern which looks 
like it's accidentally matching all of `node_modules` and can cause serious 
performance issues.
[1m[33mwarn[39m[22m - Pattern: `./**\*.ts`
[1m[33mwarn[39m[22m - See our documentation for recommendations:
[1m[33mwarn[39m[22m - 
https://tailwindcss.com/docs/content-configuration#pattern-recommendations
